[1;38;2;90;63;224m▸ [m[38;2;26;20;38madd a health endpoint and run the tests                                                          [m
                                                                                                   
[38;2;31;169;104m⏺ [m[38;2;51;43;71mI'll add the endpoint and run the suite.                                                         [m
                                                                                                   
[38;2;110;102;144m  Edit — .../server/health.go · updated[m                                                            
                                                                                                   
[38;2;110;102;144m  Bash — go test ./... · 3 lines[m                                                                   
                                                                                                   
[38;2;31;169;104m⏺ [m[38;2;51;43;71mDone — the tests pass.                                                                           [m
                                                                                                   
                                                                                                   
                                                                                                   
                                                                                                   
                                                                                                   
                                                                                                   
                                                                                                   
                                                                                                   
                                                                                                   
                                                                                                   
                                                                                                   
                                                                                                   
                                                                                                   
                                                                                                   
[48;2;241;238;250m[1;38;2;90;63;224malpha[m[38;2;110;102;144m · claude · watching[m                                                 [38;2;90;63;224m[enter][m [38;2;86;78;112mattach[m[38;2;110;102;144m  [m[38;2;90;63;224m[esc][m [38;2;86;78;112mback[m[m