[1;38;2;255;157;60m▸ [m[38;2;251;239;226madd a health endpoint and run the tests                                                          [m
                                                                                                   
[38;2;95;217;139m⏺ [m[38;2;216;196;174mI'll add the endpoint and run the suite.                                                         [m
                                                                                                   
[38;2;138;110;84m  Edit — .../server/health.go · updated[m                                                            
                                                                                                   
[38;2;138;110;84m  Bash — go test ./... · 3 lines[m                                                                   
                                                                                                   
[38;2;95;217;139m⏺ [m[38;2;216;196;174mDone — the tests pass.                                                                           [m
                                                                                                   
                                                                                                   
                                                                                                   
                                                                                                   
                                                                                                   
                                                                                                   
                                                                                                   
                                                                                                   
                                                                                                   
                                                                                                   
                                                                                                   
                                                                                                   
                                                                                                   
                                                                                                   
[48;2;32;23;17m[1;38;2;255;157;60malpha[m[38;2;138;110;84m · claude · watching[m                                                 [38;2;255;157;60m[enter][m [38;2;176;148;120mattach[m[38;2;138;110;84m  [m[38;2;255;157;60m[esc][m [38;2;176;148;120mback[m[m