[38;2;255;194;71m╭────────────────────────────────────────────────────────────────────────────────────────────────╮[m
[38;2;255;194;71m│[m [48;2;255;194;71m [m[1;38;2;16;16;16;48;2;255;194;71m◆ Edit[m[48;2;255;194;71m [m  [38;2;47;217;139m+3[m [38;2;255;82;119m−1[m                                                                                [38;2;255;194;71m│[m
[38;2;255;194;71m│[m                                                                                                [38;2;255;194;71m│[m
[38;2;255;194;71m│[m [38;2;182;175;210mDo you want to make this edit?[m                                                                 [38;2;255;194;71m│[m
[38;2;255;194;71m│[m [38;2;47;217;139m› [m[38;2;236;232;247m1. Yes[m                                                                                       [38;2;255;194;71m│[m
[38;2;255;194;71m│[m   [38;2;128;121;160m2. Yes, allow Edit for the rest of this session[m                                              [38;2;255;194;71m│[m
[38;2;255;194;71m│[m   [38;2;128;121;160m3. No[m                                                                                        [38;2;255;194;71m│[m
[38;2;255;194;71m│[m [38;2;107;80;255m[ctrl+o][m [38;2;146;138;174mview diff[m                                                                             [38;2;255;194;71m│[m
[38;2;255;194;71m│[m [38;2;47;217;139m+ added line[m                                                                                   [38;2;255;194;71m│[m
[38;2;255;194;71m│[m [38;2;255;82;119m− removed line[m                                                                                 [38;2;255;194;71m│[m
[38;2;255;194;71m│[m [38;2;128;121;160m  context[m                                                                                      [38;2;255;194;71m│[m
[38;2;255;194;71m╰────────────────────────────────────────────────────────────────────────────────────────────────╯[m