[1;38;2;107;80;255m▸ [m[38;2;236;232;247madd a health endpoint and run the tests                  [m
                                                           
[38;2;47;217;139m⏺ [m[38;2;182;175;210mI'll add the endpoint and run the suite.                 [m
                                                           
[38;2;128;121;160m  Edit — .../server/health.go · updated[m                    
                                                           
[38;2;128;121;160m  Bash — go test ./... · 3 lines[m                           
                                                           
[38;2;47;217;139m⏺ [m[38;2;182;175;210mDone — the tests pass.                                   [m
                                                           
                                                           
                                                           
                                                           
                                                           
                                                           
                                                           
                                                           
                                                           
                                                           
[48;2;27;23;38m[1;38;2;107;80;255malpha[m[38;2;128;121;160m · claude · watching[m         [38;2;107;80;255m[enter][m [38;2;146;138;174mattach[m[38;2;128;121;160m  [m[38;2;107;80;255m[esc][m [38;2;146;138;174mback[m[m