[38;2;255;194;71m╭────────────────────────────────────────────────────────────────────────────────────────────────╮[m
[38;2;255;194;71m│[m [1;38;2;16;16;16m◆ Bash[m                                                                                         [38;2;255;194;71m│[m
[38;2;255;194;71m│[m [38;2;107;80;255m[a][m [38;2;146;138;174mapprove[m[38;2;128;121;160m · [m[38;2;107;80;255m[d][m [38;2;146;138;174mdeny[m[38;2;128;121;160m · [m[38;2;107;80;255m[↵][m [38;2;146;138;174mview diff[m                                                         [38;2;255;194;71m│[m
[38;2;255;194;71m╰────────────────────────────────────────────────────────────────────────────────────────────────╯[m